Archive member included to satisfy reference by file (symbol)

/home/ivan/.local/share/MounRiver/MRS-linux-x64/resources/app/resources/linux/components/WCH/Toolchain/RISC-V Embedded GCC/bin/../lib/gcc/riscv-none-embed/8.2.0/../../../../riscv-none-embed/lib/rv32imacxw/ilp32/libm.a(lib_a-sf_cos.o)
                              ./User/GFSK/IIR/lpf.o (cosf)
/home/ivan/.local/share/MounRiver/MRS-linux-x64/resources/app/resources/linux/components/WCH/Toolchain/RISC-V Embedded GCC/bin/../lib/gcc/riscv-none-embed/8.2.0/../../../../riscv-none-embed/lib/rv32imacxw/ilp32/libm.a(lib_a-sf_sin.o)
                              ./User/GFSK/IIR/lpf.o (sinf)
/home/ivan/.local/share/MounRiver/MRS-linux-x64/resources/app/resources/linux/components/WCH/Toolchain/RISC-V Embedded GCC/bin/../lib/gcc/riscv-none-embed/8.2.0/../../../../riscv-none-embed/lib/rv32imacxw/ilp32/libm.a(lib_a-sf_tan.o)
                              ./User/GFSK/IIR/lpf.o (tanf)
/home/ivan/.local/share/MounRiver/MRS-linux-x64/resources/app/resources/linux/components/WCH/Toolchain/RISC-V Embedded GCC/bin/../lib/gcc/riscv-none-embed/8.2.0/../../../../riscv-none-embed/lib/rv32imacxw/ilp32/libm.a(lib_a-wf_sqrt.o)
                              ./User/GFSK/modulator.o (sqrtf)
/home/ivan/.local/share/MounRiver/MRS-linux-x64/resources/app/resources/linux/components/WCH/Toolchain/RISC-V Embedded GCC/bin/../lib/gcc/riscv-none-embed/8.2.0/../../../../riscv-none-embed/lib/rv32imacxw/ilp32/libm.a(lib_a-ef_rem_pio2.o)
                              /home/ivan/.local/share/MounRiver/MRS-linux-x64/resources/app/resources/linux/components/WCH/Toolchain/RISC-V Embedded GCC/bin/../lib/gcc/riscv-none-embed/8.2.0/../../../../riscv-none-embed/lib/rv32imacxw/ilp32/libm.a(lib_a-sf_cos.o) (__ieee754_rem_pio2f)
/home/ivan/.local/share/MounRiver/MRS-linux-x64/resources/app/resources/linux/components/WCH/Toolchain/RISC-V Embedded GCC/bin/../lib/gcc/riscv-none-embed/8.2.0/../../../../riscv-none-embed/lib/rv32imacxw/ilp32/libm.a(lib_a-ef_sqrt.o)
                              /home/ivan/.local/share/MounRiver/MRS-linux-x64/resources/app/resources/linux/components/WCH/Toolchain/RISC-V Embedded GCC/bin/../lib/gcc/riscv-none-embed/8.2.0/../../../../riscv-none-embed/lib/rv32imacxw/ilp32/libm.a(lib_a-wf_sqrt.o) (__ieee754_sqrtf)
/home/ivan/.local/share/MounRiver/MRS-linux-x64/resources/app/resources/linux/components/WCH/Toolchain/RISC-V Embedded GCC/bin/../lib/gcc/riscv-none-embed/8.2.0/../../../../riscv-none-embed/lib/rv32imacxw/ilp32/libm.a(lib_a-kf_cos.o)
                              /home/ivan/.local/share/MounRiver/MRS-linux-x64/resources/app/resources/linux/components/WCH/Toolchain/RISC-V Embedded GCC/bin/../lib/gcc/riscv-none-embed/8.2.0/../../../../riscv-none-embed/lib/rv32imacxw/ilp32/libm.a(lib_a-sf_cos.o) (__kernel_cosf)
/home/ivan/.local/share/MounRiver/MRS-linux-x64/resources/app/resources/linux/components/WCH/Toolchain/RISC-V Embedded GCC/bin/../lib/gcc/riscv-none-embed/8.2.0/../../../../riscv-none-embed/lib/rv32imacxw/ilp32/libm.a(lib_a-kf_rem_pio2.o)
                              /home/ivan/.local/share/MounRiver/MRS-linux-x64/resources/app/resources/linux/components/WCH/Toolchain/RISC-V Embedded GCC/bin/../lib/gcc/riscv-none-embed/8.2.0/../../../../riscv-none-embed/lib/rv32imacxw/ilp32/libm.a(lib_a-ef_rem_pio2.o) (__kernel_rem_pio2f)
/home/ivan/.local/share/MounRiver/MRS-linux-x64/resources/app/resources/linux/components/WCH/Toolchain/RISC-V Embedded GCC/bin/../lib/gcc/riscv-none-embed/8.2.0/../../../../riscv-none-embed/lib/rv32imacxw/ilp32/libm.a(lib_a-kf_sin.o)
                              /home/ivan/.local/share/MounRiver/MRS-linux-x64/resources/app/resources/linux/components/WCH/Toolchain/RISC-V Embedded GCC/bin/../lib/gcc/riscv-none-embed/8.2.0/../../../../riscv-none-embed/lib/rv32imacxw/ilp32/libm.a(lib_a-sf_cos.o) (__kernel_sinf)
/home/ivan/.local/share/MounRiver/MRS-linux-x64/resources/app/resources/linux/components/WCH/Toolchain/RISC-V Embedded GCC/bin/../lib/gcc/riscv-none-embed/8.2.0/../../../../riscv-none-embed/lib/rv32imacxw/ilp32/libm.a(lib_a-kf_tan.o)
                              /home/ivan/.local/share/MounRiver/MRS-linux-x64/resources/app/resources/linux/components/WCH/Toolchain/RISC-V Embedded GCC/bin/../lib/gcc/riscv-none-embed/8.2.0/../../../../riscv-none-embed/lib/rv32imacxw/ilp32/libm.a(lib_a-sf_tan.o) (__kernel_tanf)
/home/ivan/.local/share/MounRiver/MRS-linux-x64/resources/app/resources/linux/components/WCH/Toolchain/RISC-V Embedded GCC/bin/../lib/gcc/riscv-none-embed/8.2.0/../../../../riscv-none-embed/lib/rv32imacxw/ilp32/libm.a(lib_a-s_lib_ver.o)
                              /home/ivan/.local/share/MounRiver/MRS-linux-x64/resources/app/resources/linux/components/WCH/Toolchain/RISC-V Embedded GCC/bin/../lib/gcc/riscv-none-embed/8.2.0/../../../../riscv-none-embed/lib/rv32imacxw/ilp32/libm.a(lib_a-wf_sqrt.o) (__fdlib_version)
[...]
Memory Configuration

Name             Origin             Length             Attributes
FLASH            0x0000000000000000 0x0000000000048000 xr
RAM              0x0000000020000000 0x0000000000008000 xrw
*default*        0x0000000000000000 0xffffffffffffffff

Linker script and memory map

LOAD ./User/GFSK/IIR/lpf.o
LOAD ./User/GFSK/modulator.o
LOAD ./User/ch32v30x_it.o
LOAD ./User/main.o
LOAD ./User/system_ch32v30x.o
LOAD ./Startup/startup_ch32v30x_D8C.o
LOAD ./Peripheral/src/ch32v30x_adc.o
LOAD ./Peripheral/src/ch32v30x_bkp.o
LOAD ./Peripheral/src/ch32v30x_can.o
LOAD ./Peripheral/src/ch32v30x_crc.o
LOAD ./Peripheral/src/ch32v30x_dac.o
LOAD ./Peripheral/src/ch32v30x_dbgmcu.o
LOAD ./Peripheral/src/ch32v30x_dma.o
LOAD ./Peripheral/src/ch32v30x_dvp.o
LOAD ./Peripheral/src/ch32v30x_eth.o
LOAD ./Peripheral/src/ch32v30x_exti.o
LOAD ./Peripheral/src/ch32v30x_flash.o
LOAD ./Peripheral/src/ch32v30x_fsmc.o
LOAD ./Peripheral/src/ch32v30x_gpio.o
LOAD ./Peripheral/src/ch32v30x_i2c.o
LOAD ./Peripheral/src/ch32v30x_iwdg.o
LOAD ./Peripheral/src/ch32v30x_misc.o
LOAD ./Peripheral/src/ch32v30x_opa.o
LOAD ./Peripheral/src/ch32v30x_pwr.o
LOAD ./Peripheral/src/ch32v30x_rcc.o
LOAD ./Peripheral/src/ch32v30x_rng.o
LOAD ./Peripheral/src/ch32v30x_rtc.o
LOAD ./Peripheral/src/ch32v30x_sdio.o
LOAD ./Peripheral/src/ch32v30x_spi.o
LOAD ./Peripheral/src/ch32v30x_tim.o
LOAD ./Peripheral/src/ch32v30x_usart.o
LOAD ./Peripheral/src/ch32v30x_wwdg.o
LOAD ./Debug/debug.o
LOAD ./Core/core_riscv.o
LOAD /home/ivan/.local/share/MounRiver/MRS-linux-x64/resources/app/resources/linux/components/WCH/Toolchain/RISC-V Embedded GCC/bin/../lib/gcc/riscv-none-embed/8.2.0/../../../../riscv-none-embed/lib/rv32imacxw/ilp32/libm.a
LOAD /home/ivan/.local/share/MounRiver/MRS-linux-x64/resources/app/resources/linux/components/WCH/Toolchain/RISC-V Embedded GCC/bin/../lib/gcc/riscv-none-embed/8.2.0/rv32imacxw/ilp32/libgcc.a
LOAD /home/ivan/.local/share/MounRiver/MRS-linux-x64/resources/app/resources/linux/components/WCH/Toolchain/RISC-V Embedded GCC/bin/../lib/gcc/riscv-none-embed/8.2.0/../../../../riscv-none-embed/lib/rv32imacxw/ilp32/libg_nano.a
LOAD /home/ivan/.local/share/MounRiver/MRS-linux-x64/resources/app/resources/linux/components/WCH/Toolchain/RISC-V Embedded GCC/bin/../lib/gcc/riscv-none-embed/8.2.0/../../../../riscv-none-embed/lib/rv32imacxw/ilp32/libc_nano.a
LOAD /home/ivan/.local/share/MounRiver/MRS-linux-x64/resources/app/resources/linux/components/WCH/Toolchain/RISC-V Embedded GCC/bin/../lib/gcc/riscv-none-embed/8.2.0/rv32imacxw/ilp32/libgcc.a
START GROUP
LOAD /home/ivan/.local/share/MounRiver/MRS-linux-x64/resources/app/resources/linux/components/WCH/Toolchain/RISC-V Embedded GCC/bin/../lib/gcc/riscv-none-embed/8.2.0/rv32imacxw/ilp32/libgcc.a
LOAD /home/ivan/.local/share/MounRiver/MRS-linux-x64/resources/app/resources/linux/components/WCH/Toolchain/RISC-V Embedded GCC/bin/../lib/gcc/riscv-none-embed/8.2.0/../../../../riscv-none-embed/lib/rv32imacxw/ilp32/libc_nano.a
LOAD /home/ivan/.local/share/MounRiver/MRS-linux-x64/resources/app/resources/linux/components/WCH/Toolchain/RISC-V Embedded GCC/bin/../lib/gcc/riscv-none-embed/8.2.0/../../../../riscv-none-embed/lib/rv32imacxw/ilp32/libnosys.a
END GROUP
START GROUP
LOAD /home/ivan/.local/share/MounRiver/MRS-linux-x64/resources/app/resources/linux/components/WCH/Toolchain/RISC-V Embedded GCC/bin/../lib/gcc/riscv-none-embed/8.2.0/rv32imacxw/ilp32/libgcc.a
LOAD /home/ivan/.local/share/MounRiver/MRS-linux-x64/resources/app/resources/linux/components/WCH/Toolchain/RISC-V Embedded GCC/bin/../lib/gcc/riscv-none-embed/8.2.0/../../../../riscv-none-embed/lib/rv32imacxw/ilp32/libc_nano.a
LOAD /home/ivan/.local/share/MounRiver/MRS-linux-x64/resources/app/resources/linux/components/WCH/Toolchain/RISC-V Embedded GCC/bin/../lib/gcc/riscv-none-embed/8.2.0/../../../../riscv-none-embed/lib/rv32imacxw/ilp32/libnosys.a
END GROUP
                0x0000000000000800                __stack_size = 0x800
                [!provide]                        PROVIDE (_stack_size = __stack_size)

.init           0x0000000000000000        0x4
                0x0000000000000000                _sinit = .
                0x0000000000000000                . = ALIGN (0x4)
 *(SORT_NONE(.init))
 .init          0x0000000000000000        0x4 ./Startup/startup_ch32v30x_D8C.o
                0x0000000000000000                _start
                0x0000000000000004                . = ALIGN (0x4)
                0x0000000000000004                _einit = .

.vector         0x0000000000000004      0x1bc
 *(.vector)
 .vector        0x0000000000000004      0x1a0 ./Startup/startup_ch32v30x_D8C.o
                0x00000000000001c0                . = ALIGN (0x40)
 *fill*         0x00000000000001a4       0x1c 

.text           0x00000000000001c0     0x51fc
                0x00000000000001c0                . = ALIGN (0x4)
 *(.text)
 .text          0x00000000000001c0       0x60 /home/ivan/.local/share/MounRiver/MRS-linux-x64/resources/app/resources/linux/components/WCH/Toolchain/RISC-V Embedded GCC/bin/../lib/gcc/riscv-none-embed/8.2.0/rv32imacxw/ilp32/libgcc.a(save-restore.o)
                0x00000000000001c0                __riscv_save_12
                0x00000000000001c8                __riscv_save_8
                0x00000000000001c8                __riscv_save_11
                0x00000000000001c8                __riscv_save_9
                0x00000000000001c8                __riscv_save_10
                0x00000000000001d6                __riscv_save_7
                0x00000000000001d6                __riscv_save_4
                0x00000000000001d6                __riscv_save_6
                0x00000000000001d6                __riscv_save_5
                0x00000000000001f0                __riscv_save_1
                0x00000000000001f0                __riscv_save_3
                0x00000000000001f0                __riscv_save_2
                0x00000000000001f0                __riscv_save_0
                0x00000000000001fc                __riscv_restore_12
                0x0000000000000200                __riscv_restore_10
                0x0000000000000200                __riscv_restore_11
                0x0000000000000200                __riscv_restore_8
                0x0000000000000200                __riscv_restore_9
                0x000000000000020a                __riscv_restore_5
                0x000000000000020a                __riscv_restore_6
                0x000000000000020a                __riscv_restore_4
                0x000000000000020a                __riscv_restore_7
                0x0000000000000214                __riscv_restore_3
                0x0000000000000214                __riscv_restore_2
                0x0000000000000214                __riscv_restore_0
                0x0000000000000214                __riscv_restore_1
 .text          0x0000000000000220       0xa8 /home/ivan/.local/share/MounRiver/MRS-linux-x64/resources/app/resources/linux/components/WCH/Toolchain/RISC-V Embedded GCC/bin/../lib/gcc/riscv-none-embed/8.2.0/../../../../riscv-none-embed/lib/rv32imacxw/ilp32/libg_nano.a(lib_a-memset.o)
                0x0000000000000220                memset
 *(.text.*)
 .text.create_IIR
                0x00000000000002c8       0xa4 ./User/GFSK/IIR/lpf.o
                0x00000000000002c8                create_IIR
 .text.create_Bessel
                0x000000000000036c      0x134 ./User/GFSK/IIR/lpf.o
                0x000000000000036c                create_Bessel
 .text.calculate_lpf
                0x00000000000004a0       0xb0 ./User/GFSK/IIR/lpf.o
                0x00000000000004a0                calculate_lpf
 .text.create_gfsk_mod
                0x0000000000000550       0xbc ./User/GFSK/modulator.o
                0x0000000000000550                create_gfsk_mod
 .text.run_gfsk_mod_IQ
                0x000000000000060c      0x19a ./User/GFSK/modulator.o
                0x000000000000060c                run_gfsk_mod_IQ
 .text._set_gfsk_data_amb
                0x00000000000007a6       0x58 ./User/GFSK/modulator.o
                0x00000000000007a6                _set_gfsk_data_amb
 .text.set_gfsk_data
                0x00000000000007fe       0x4c ./User/GFSK/modulator.o
                0x00000000000007fe                set_gfsk_data
 .text.NMI_Handler
                0x000000000000084a        0x2 ./User/ch32v30x_it.o
                0x000000000000084a                NMI_Handler
 .text.HardFault_Handler
                0x000000000000084c       0x10 ./User/ch32v30x_it.o
                0x000000000000084c                HardFault_Handler
 .text.I2C_Delay
                0x000000000000085c        0xe ./User/main.o
 .text.I2C_WriteByte
                0x000000000000086a       0x82 ./User/main.o
 .text.si5351_write_reg
                0x00000000000008ec       0x7e ./User/main.o
 .text.gfsk_init
                0x000000000000096a       0x28 ./User/main.o
                0x000000000000096a                gfsk_init
 .text.gfsk_set
                0x0000000000000992       0x36 ./User/main.o
                0x0000000000000992                gfsk_set
 .text.flush_gfsk
                0x00000000000009c8       0x22 ./User/main.o
                0x00000000000009c8                flush_gfsk
 .text.DAC_DMA_Init
                0x00000000000009ea       0x88 ./User/main.o
                0x00000000000009ea                DAC_DMA_Init
 .text.DAC_Config
                0x0000000000000a72       0x48 ./User/main.o
                0x0000000000000a72                DAC_Config
 .text.TIM2_Init
                0x0000000000000aba       0x38 ./User/main.o
                0x0000000000000aba                TIM2_Init
 .text.DMA2_Channel3_IRQHandler
                0x0000000000000af2       0x70 ./User/main.o
                0x0000000000000af2                DMA2_Channel3_IRQHandler
 .text.startup.main
                0x0000000000000b62      0x196 ./User/main.o
                0x0000000000000b62                main
 .text.SystemInit
                0x0000000000000cf8       0xf8 ./User/system_ch32v30x.o
                0x0000000000000cf8                SystemInit
 .text.SystemCoreClockUpdate
                0x0000000000000df0      0x12e ./User/system_ch32v30x.o
                0x0000000000000df0                SystemCoreClockUpdate
 .text.vector_handler
                0x0000000000000f1e        0x2 ./Startup/startup_ch32v30x_D8C.o
                0x0000000000000f1e                EXTI2_IRQHandler
                0x0000000000000f1e                TIM8_TRG_COM_IRQHandler
                0x0000000000000f1e                TIM8_CC_IRQHandler
                0x0000000000000f1e                UART8_IRQHandler
                0x0000000000000f1e                TIM1_CC_IRQHandler
                0x0000000000000f1e                TIM6_IRQHandler
                0x0000000000000f1e                SysTick_Handler
                0x0000000000000f1e                PVD_IRQHandler
                0x0000000000000f1e                SDIO_IRQHandler
                0x0000000000000f1e                TIM9_BRK_IRQHandler
                0x0000000000000f1e                DMA2_Channel8_IRQHandler
                0x0000000000000f1e                CAN2_RX1_IRQHandler
                0x0000000000000f1e                EXTI3_IRQHandler
                0x0000000000000f1e                USBHS_IRQHandler
                0x0000000000000f1e                DMA2_Channel9_IRQHandler
                0x0000000000000f1e                TIM10_CC_IRQHandler
                0x0000000000000f1e                USBFS_IRQHandler
                0x0000000000000f1e                EXTI0_IRQHandler
                0x0000000000000f1e                I2C2_EV_IRQHandler
                0x0000000000000f1e                TIM10_TRG_COM_IRQHandler
                0x0000000000000f1e                CAN2_SCE_IRQHandler
                0x0000000000000f1e                ADC1_2_IRQHandler
                0x0000000000000f1e                Break_Point_Handler
                0x0000000000000f1e                SPI1_IRQHandler
                0x0000000000000f1e                TAMPER_IRQHandler
                0x0000000000000f1e                CAN2_RX0_IRQHandler
                0x0000000000000f1e                TIM8_UP_IRQHandler
                0x0000000000000f1e                Ecall_M_Mode_Handler
                0x0000000000000f1e                DMA2_Channel2_IRQHandler
                0x0000000000000f1e                DMA1_Channel4_IRQHandler
                0x0000000000000f1e                TIM9_UP_IRQHandler
                0x0000000000000f1e                USART3_IRQHandler
                0x0000000000000f1e                RTC_IRQHandler
                0x0000000000000f1e                DMA1_Channel7_IRQHandler
                0x0000000000000f1e                CAN1_RX1_IRQHandler
                0x0000000000000f1e                DVP_IRQHandler
                0x0000000000000f1e                UART5_IRQHandler
                0x0000000000000f1e                TIM4_IRQHandler
                0x0000000000000f1e                DMA2_Channel1_IRQHandler
                0x0000000000000f1e                I2C1_EV_IRQHandler
                0x0000000000000f1e                DMA1_Channel6_IRQHandler
                0x0000000000000f1e                UART4_IRQHandler
                0x0000000000000f1e                DMA2_Channel4_IRQHandler
                0x0000000000000f1e                TIM3_IRQHandler
                0x0000000000000f1e                RCC_IRQHandler
                0x0000000000000f1e                TIM1_TRG_COM_IRQHandler
                0x0000000000000f1e                DMA1_Channel1_IRQHandler
                0x0000000000000f1e                DMA2_Channel7_IRQHandler
                0x0000000000000f1e                EXTI15_10_IRQHandler
                0x0000000000000f1e                TIM7_IRQHandler
                0x0000000000000f1e                CAN2_TX_IRQHandler
                0x0000000000000f1e                TIM5_IRQHandler
                0x0000000000000f1e                EXTI9_5_IRQHandler
                0x0000000000000f1e                ETH_WKUP_IRQHandler
                0x0000000000000f1e                SPI2_IRQHandler
                0x0000000000000f1e                TIM10_BRK_IRQHandler
                0x0000000000000f1e                TIM9_CC_IRQHandler
                0x0000000000000f1e                DMA2_Channel5_IRQHandler
                0x0000000000000f1e                DMA1_Channel5_IRQHandler
                0x0000000000000f1e                EXTI4_IRQHandler
                0x0000000000000f1e                USB_LP_CAN1_RX0_IRQHandler
                0x0000000000000f1e                RNG_IRQHandler
                0x0000000000000f1e                USB_HP_CAN1_TX_IRQHandler
                0x0000000000000f1e                DMA1_Channel3_IRQHandler
                0x0000000000000f1e                ETH_IRQHandler
                0x0000000000000f1e                TIM1_UP_IRQHandler
                0x0000000000000f1e                WWDG_IRQHandler
                0x0000000000000f1e                USBHSWakeup_IRQHandler
                0x0000000000000f1e                DMA2_Channel11_IRQHandler
                0x0000000000000f1e                Ecall_U_Mode_Handler
                0x0000000000000f1e                DMA2_Channel6_IRQHandler
                0x0000000000000f1e                TIM2_IRQHandler
                0x0000000000000f1e                SW_Handler
                0x0000000000000f1e                TIM1_BRK_IRQHandler
                0x0000000000000f1e                DMA2_Channel10_IRQHandler
                0x0000000000000f1e                EXTI1_IRQHandler
                0x0000000000000f1e                RTCAlarm_IRQHandler
                0x0000000000000f1e                TIM10_UP_IRQHandler
                0x0000000000000f1e                TIM9_TRG_COM_IRQHandler
                0x0000000000000f1e                UART7_IRQHandler
                0x0000000000000f1e                USART2_IRQHandler
                0x0000000000000f1e                UART6_IRQHandler
                0x0000000000000f1e                I2C2_ER_IRQHandler
                0x0000000000000f1e                DMA1_Channel2_IRQHandler
                0x0000000000000f1e                TIM8_BRK_IRQHandler
                0x0000000000000f1e                CAN1_SCE_IRQHandler
                0x0000000000000f1e                FLASH_IRQHandler
                0x0000000000000f1e                USART1_IRQHandler
                0x0000000000000f1e                SPI3_IRQHandler
                0x0000000000000f1e                I2C1_ER_IRQHandler
                0x0000000000000f1e                USBWakeUp_IRQHandler
 .text.handle_reset
                0x0000000000000f20       0x8e ./Startup/startup_ch32v30x_D8C.o
                0x0000000000000f20                handle_reset
 .text.DMA_Init
                0x0000000000000fae       0x38 ./Peripheral/src/ch32v30x_dma.o
                0x0000000000000fae                DMA_Init
 .text.DMA_Cmd  0x0000000000000fe6       0x14 ./Peripheral/src/ch32v30x_dma.o
                0x0000000000000fe6                DMA_Cmd
 .text.DMA_ITConfig
                0x0000000000000ffa       0x12 ./Peripheral/src/ch32v30x_dma.o
                0x0000000000000ffa                DMA_ITConfig
 .text.DMA_SetCurrDataCounter
                0x000000000000100c        0x4 ./Peripheral/src/ch32v30x_dma.o
                0x000000000000100c                DMA_SetCurrDataCounter
 .text.DMA_GetFlagStatus
                0x0000000000001010       0x32 ./Peripheral/src/ch32v30x_dma.o
                0x0000000000001010                DMA_GetFlagStatus
 .text.DMA_ClearFlag
                0x0000000000001042       0x2c ./Peripheral/src/ch32v30x_dma.o
                0x0000000000001042                DMA_ClearFlag
 .text.DMA_GetITStatus
                0x000000000000106e        0xa ./Peripheral/src/ch32v30x_dma.o
                0x000000000000106e                DMA_GetITStatus
 .text.DMA_ClearITPendingBit
                0x0000000000001078        0xa ./Peripheral/src/ch32v30x_dma.o
                0x0000000000001078                DMA_ClearITPendingBit
 .text.GPIO_Init
                0x0000000000001082       0xc0 ./Peripheral/src/ch32v30x_gpio.o
                0x0000000000001082                GPIO_Init
 .text.GPIO_ReadInputDataBit
                0x0000000000001142        0xa ./Peripheral/src/ch32v30x_gpio.o
                0x0000000000001142                GPIO_ReadInputDataBit
 .text.GPIO_SetBits
                0x000000000000114c        0x4 ./Peripheral/src/ch32v30x_gpio.o
                0x000000000000114c                GPIO_SetBits
 .text.GPIO_ResetBits
                0x0000000000001150        0x4 ./Peripheral/src/ch32v30x_gpio.o
                0x0000000000001150                GPIO_ResetBits
 .text.RCC_AHBPeriphClockCmd
                0x0000000000001154       0x1e ./Peripheral/src/ch32v30x_rcc.o
                0x0000000000001154                RCC_AHBPeriphClockCmd
 .text.RCC_APB2PeriphClockCmd
                0x0000000000001172       0x1e ./Peripheral/src/ch32v30x_rcc.o
                0x0000000000001172                RCC_APB2PeriphClockCmd
 .text.RCC_APB1PeriphClockCmd
                0x0000000000001190       0x1e ./Peripheral/src/ch32v30x_rcc.o
                0x0000000000001190                RCC_APB1PeriphClockCmd
 .text.Delay_Init
                0x00000000000011ae       0x2a ./Debug/debug.o
                0x00000000000011ae                Delay_Init
 .text.Delay_Us
                0x00000000000011d8       0x36 ./Debug/debug.o
                0x00000000000011d8                Delay_Us
 .text.Delay_Ms
                0x000000000000120e       0x36 ./Debug/debug.o
                0x000000000000120e                Delay_Ms
 .text._sbrk    0x0000000000001244       0x2a ./Debug/debug.o
                0x0000000000001244                _sbrk
 .text.cosf     0x000000000000126e       0x7c /home/ivan/.local/share/MounRiver/MRS-linux-x64/resources/app/resources/linux/components/WCH/Toolchain/RISC-V Embedded GCC/bin/../lib/gcc/riscv-none-embed/8.2.0/../../../../riscv-none-embed/lib/rv32imacxw/ilp32/libm.a(lib_a-sf_cos.o)
                0x000000000000126e                cosf
 .text.sinf     0x00000000000012ea       0x80 /home/ivan/.local/share/MounRiver/MRS-linux-x64/resources/app/resources/linux/components/WCH/Toolchain/RISC-V Embedded GCC/bin/../lib/gcc/riscv-none-embed/8.2.0/../../../../riscv-none-embed/lib/rv32imacxw/ilp32/libm.a(lib_a-sf_sin.o)
                0x00000000000012ea                sinf
 .text.tanf     0x000000000000136a       0x56 /home/ivan/.local/share/MounRiver/MRS-linux-x64/resources/app/resources/linux/components/WCH/Toolchain/RISC-V Embedded GCC/bin/../lib/gcc/riscv-none-embed/8.2.0/../../../../riscv-none-embed/lib/rv32imacxw/ilp32/libm.a(lib_a-sf_tan.o)
                0x000000000000136a                tanf
 .text.__ieee754_rem_pio2f
                0x00000000000013c0      0x354 /home/ivan/.local/share/MounRiver/MRS-linux-x64/resources/app/resources/linux/components/WCH/Toolchain/RISC-V Embedded GCC/bin/../lib/gcc/riscv-none-embed/8.2.0/../../../../riscv-none-embed/lib/rv32imacxw/ilp32/libm.a(lib_a-ef_rem_pio2.o)
                0x00000000000013c0                __ieee754_rem_pio2f
 .text.__kernel_cosf
                0x0000000000001714      0x20e /home/ivan/.local/share/MounRiver/MRS-linux-x64/resources/app/resources/linux/components/WCH/Toolchain/RISC-V Embedded GCC/bin/../lib/gcc/riscv-none-embed/8.2.0/../../../../riscv-none-embed/lib/rv32imacxw/ilp32/libm.a(lib_a-kf_cos.o)
                0x0000000000001714                __kernel_cosf
 .text.__kernel_rem_pio2f
                0x0000000000001922      0x7e4 /home/ivan/.local/share/MounRiver/MRS-linux-x64/resources/app/resources/linux/components/WCH/Toolchain/RISC-V Embedded GCC/bin/../lib/gcc/riscv-none-embed/8.2.0/../../../../riscv-none-embed/lib/rv32imacxw/ilp32/libm.a(lib_a-kf_rem_pio2.o)
                0x0000000000001922                __kernel_rem_pio2f
 .text.__kernel_sinf
                0x0000000000002106      0x12c /home/ivan/.local/share/MounRiver/MRS-linux-x64/resources/app/resources/linux/components/WCH/Toolchain/RISC-V Embedded GCC/bin/../lib/gcc/riscv-none-embed/8.2.0/../../../../riscv-none-embed/lib/rv32imacxw/ilp32/libm.a(lib_a-kf_sin.o)
                0x0000000000002106                __kernel_sinf
 .text.__kernel_tanf
                0x0000000000002232      0x2ec /home/ivan/.local/share/MounRiver/MRS-linux-x64/resources/app/resources/linux/components/WCH/Toolchain/RISC-V Embedded GCC/bin/../lib/gcc/riscv-none-embed/8.2.0/../../../../riscv-none-embed/lib/rv32imacxw/ilp32/libm.a(lib_a-kf_tan.o)
                0x0000000000002232                __kernel_tanf
 .text.fabsf    0x000000000000251e        0x6 /home/ivan/.local/share/MounRiver/MRS-linux-x64/resources/app/resources/linux/components/WCH/Toolchain/RISC-V Embedded GCC/bin/../lib/gcc/riscv-none-embed/8.2.0/../../../../riscv-none-embed/lib/rv32imacxw/ilp32/libm.a(lib_a-sf_fabs.o)
                0x000000000000251e                fabsf
 .text.floorf   0x0000000000002524       0xcc /home/ivan/.local/share/MounRiver/MRS-linux-x64/resources/app/resources/linux/components/WCH/Toolchain/RISC-V Embedded GCC/bin/../lib/gcc/riscv-none-embed/8.2.0/../../../../riscv-none-embed/lib/rv32imacxw/ilp32/libm.a(lib_a-sf_floor.o)
                0x0000000000002524                floorf
 .text.scalbnf  0x00000000000025f0       0xe0 /home/ivan/.local/share/MounRiver/MRS-linux-x64/resources/app/resources/linux/components/WCH/Toolchain/RISC-V Embedded GCC/bin/../lib/gcc/riscv-none-embed/8.2.0/../../../../riscv-none-embed/lib/rv32imacxw/ilp32/libm.a(lib_a-sf_scalbn.o)
                0x00000000000025f0                scalbnf
 .text.copysignf
                0x00000000000026d0       0x10 /home/ivan/.local/share/MounRiver/MRS-linux-x64/resources/app/resources/linux/components/WCH/Toolchain/RISC-V Embedded GCC/bin/../lib/gcc/riscv-none-embed/8.2.0/../../../../riscv-none-embed/lib/rv32imacxw/ilp32/libm.a(lib_a-sf_copysign.o)
                0x00000000000026d0                copysignf
 .text.__divdf3
                0x00000000000026e0      0x5b4 /home/ivan/.local/share/MounRiver/MRS-linux-x64/resources/app/resources/linux/components/WCH/Toolchain/RISC-V Embedded GCC/bin/../lib/gcc/riscv-none-embed/8.2.0/rv32imacxw/ilp32/libgcc.a(divdf3.o)
                0x00000000000026e0                __divdf3
 .text.__gedf2  0x0000000000002c94       0xae /home/ivan/.local/share/MounRiver/MRS-linux-x64/resources/app/resources/linux/components/WCH/Toolchain/RISC-V Embedded GCC/bin/../lib/gcc/riscv-none-embed/8.2.0/rv32imacxw/ilp32/libgcc.a(gedf2.o)
                0x0000000000002c94                __gtdf2
                0x0000000000002c94                __gedf2
 .text.__muldf3
                0x0000000000002d42      0x4b8 /home/ivan/.local/share/MounRiver/MRS-linux-x64/resources/app/resources/linux/components/WCH/Toolchain/RISC-V Embedded GCC/bin/../lib/gcc/riscv-none-embed/8.2.0/rv32imacxw/ilp32/libgcc.a(muldf3.o)
                0x0000000000002d42                __muldf3
 .text.__subdf3
                0x00000000000031fa      0x73e /home/ivan/.local/share/MounRiver/MRS-linux-x64/resources/app/resources/linux/components/WCH/Toolchain/RISC-V Embedded GCC/bin/../lib/gcc/riscv-none-embed/8.2.0/rv32imacxw/ilp32/libgcc.a(subdf3.o)
                0x00000000000031fa                __subdf3
 .text.__addsf3
                0x0000000000003938      0x36a /home/ivan/.local/share/MounRiver/MRS-linux-x64/resources/app/resources/linux/components/WCH/Toolchain/RISC-V Embedded GCC/bin/../lib/gcc/riscv-none-embed/8.2.0/rv32imacxw/ilp32/libgcc.a(addsf3.o)
                0x0000000000003938                __addsf3
 .text.__divsf3
                0x0000000000003ca2      0x2b2 /home/ivan/.local/share/MounRiver/MRS-linux-x64/resources/app/resources/linux/components/WCH/Toolchain/RISC-V Embedded GCC/bin/../lib/gcc/riscv-none-embed/8.2.0/rv32imacxw/ilp32/libgcc.a(divsf3.o)
                0x0000000000003ca2                __divsf3
 .text.__eqsf2  0x0000000000003f54       0x5c /home/ivan/.local/share/MounRiver/MRS-linux-x64/resources/app/resources/linux/components/WCH/Toolchain/RISC-V Embedded GCC/bin/../lib/gcc/riscv-none-embed/8.2.0/rv32imacxw/ilp32/libgcc.a(eqsf2.o)
                0x0000000000003f54                __nesf2
                0x0000000000003f54                __eqsf2
 .text.__gesf2  0x0000000000003fb0       0x86 /home/ivan/.local/share/MounRiver/MRS-linux-x64/resources/app/resources/linux/components/WCH/Toolchain/RISC-V Embedded GCC/bin/../lib/gcc/riscv-none-embed/8.2.0/rv32imacxw/ilp32/libgcc.a(gesf2.o)
                0x0000000000003fb0                __gtsf2
                0x0000000000003fb0                __gesf2
 .text.__mulsf3
                0x0000000000004036      0x294 /home/ivan/.local/share/MounRiver/MRS-linux-x64/resources/app/resources/linux/components/WCH/Toolchain/RISC-V Embedded GCC/bin/../lib/gcc/riscv-none-embed/8.2.0/rv32imacxw/ilp32/libgcc.a(mulsf3.o)
                0x0000000000004036                __mulsf3
 .text.__subsf3
                0x00000000000042ca      0x388 /home/ivan/.local/share/MounRiver/MRS-linux-x64/resources/app/resources/linux/components/WCH/Toolchain/RISC-V Embedded GCC/bin/../lib/gcc/riscv-none-embed/8.2.0/rv32imacxw/ilp32/libgcc.a(subsf3.o)
                0x00000000000042ca                __subsf3
 .text.__fixsfsi
                0x0000000000004652       0x62 /home/ivan/.local/share/MounRiver/MRS-linux-x64/resources/app/resources/linux/components/WCH/Toolchain/RISC-V Embedded GCC/bin/../lib/gcc/riscv-none-embed/8.2.0/rv32imacxw/ilp32/libgcc.a(fixsfsi.o)
                0x0000000000004652                __fixsfsi
 .text.__floatsisf
                0x00000000000046b4       0xc6 /home/ivan/.local/share/MounRiver/MRS-linux-x64/resources/app/resources/linux/components/WCH/Toolchain/RISC-V Embedded GCC/bin/../lib/gcc/riscv-none-embed/8.2.0/rv32imacxw/ilp32/libgcc.a(floatsisf.o)
                0x00000000000046b4                __floatsisf
 .text.__extendsfdf2
                0x000000000000477a       0xac /home/ivan/.local/share/MounRiver/MRS-linux-x64/resources/app/resources/linux/components/WCH/Toolchain/RISC-V Embedded GCC/bin/../lib/gcc/riscv-none-embed/8.2.0/rv32imacxw/ilp32/libgcc.a(extendsfdf2.o)
                0x000000000000477a                __extendsfdf2
 .text.__truncdfsf2
                0x0000000000004826      0x16a /home/ivan/.local/share/MounRiver/MRS-linux-x64/resources/app/resources/linux/components/WCH/Toolchain/RISC-V Embedded GCC/bin/../lib/gcc/riscv-none-embed/8.2.0/rv32imacxw/ilp32/libgcc.a(truncdfsf2.o)
                0x0000000000004826                __truncdfsf2
 .text.__clzsi2
                0x0000000000004990       0x6e /home/ivan/.local/share/MounRiver/MRS-linux-x64/resources/app/resources/linux/components/WCH/Toolchain/RISC-V Embedded GCC/bin/../lib/gcc/riscv-none-embed/8.2.0/rv32imacxw/ilp32/libgcc.a(_clzsi2.o)
                0x0000000000004990                __clzsi2
 .text.malloc   0x00000000000049fe        0xa /home/ivan/.local/share/MounRiver/MRS-linux-x64/resources/app/resources/linux/components/WCH/Toolchain/RISC-V Embedded GCC/bin/../lib/gcc/riscv-none-embed/8.2.0/../../../../riscv-none-embed/lib/rv32imacxw/ilp32/libg_nano.a(lib_a-malloc.o)
                0x00000000000049fe                malloc
 .text.free     0x0000000000004a08        0xa /home/ivan/.local/share/MounRiver/MRS-linux-x64/resources/app/resources/linux/components/WCH/Toolchain/RISC-V Embedded GCC/bin/../lib/gcc/riscv-none-embed/8.2.0/../../../../riscv-none-embed/lib/rv32imacxw/ilp32/libg_nano.a(lib_a-malloc.o)
                0x0000000000004a08                free
 .text.memcpy   0x0000000000004a12       0xb2 /home/ivan/.local/share/MounRiver/MRS-linux-x64/resources/app/resources/linux/components/WCH/Toolchain/RISC-V Embedded GCC/bin/../lib/gcc/riscv-none-embed/8.2.0/../../../../riscv-none-embed/lib/rv32imacxw/ilp32/libg_nano.a(lib_a-memcpy.o)
                0x0000000000004a12                memcpy
 .text._free_r  0x0000000000004ac4       0xa4 /home/ivan/.local/share/MounRiver/MRS-linux-x64/resources/app/resources/linux/components/WCH/Toolchain/RISC-V Embedded GCC/bin/../lib/gcc/riscv-none-embed/8.2.0/../../../../riscv-none-embed/lib/rv32imacxw/ilp32/libg_nano.a(lib_a-nano-freer.o)
                0x0000000000004ac4                _free_r
 .text._malloc_r
                0x0000000000004b68       0xce /home/ivan/.local/share/MounRiver/MRS-linux-x64/resources/app/resources/linux/components/WCH/Toolchain/RISC-V Embedded GCC/bin/../lib/gcc/riscv-none-embed/8.2.0/../../../../riscv-none-embed/lib/rv32imacxw/ilp32/libg_nano.a(lib_a-nano-mallocr.o)
                0x0000000000004b68                _malloc_r
 .text._sbrk_r  0x0000000000004c36       0x32 /home/ivan/.local/share/MounRiver/MRS-linux-x64/resources/app/resources/linux/components/WCH/Toolchain/RISC-V Embedded GCC/bin/../lib/gcc/riscv-none-embed/8.2.0/../../../../riscv-none-embed/lib/rv32imacxw/ilp32/libg_nano.a(lib_a-sbrkr.o)
                0x0000000000004c36                _sbrk_r
 .text.__malloc_lock
                0x0000000000004c68        0x2 /home/ivan/.local/share/MounRiver/MRS-linux-x64/resources/app/resources/linux/components/WCH/Toolchain/RISC-V Embedded GCC/bin/../lib/gcc/riscv-none-embed/8.2.0/../../../../riscv-none-embed/lib/rv32imacxw/ilp32/libg_nano.a(lib_a-mlock.o)
                0x0000000000004c68                __malloc_lock
 .text.__malloc_unlock
                0x0000000000004c6a        0x2 /home/ivan/.local/share/MounRiver/MRS-linux-x64/resources/app/resources/linux/components/WCH/Toolchain/RISC-V Embedded GCC/bin/../lib/gcc/riscv-none-embed/8.2.0/../../../../riscv-none-embed/lib/rv32imacxw/ilp32/libg_nano.a(lib_a-mlock.o)
                0x0000000000004c6a                __malloc_unlock
 *(.rodata)
 *(.rodata*)
 .rodata.create_Bessel.cst4
                0x0000000000004c6c        0x8 ./User/GFSK/IIR/lpf.o
 .rodata.create_Butterworth.cst4
                0x0000000000004c74       0x10 ./User/GFSK/IIR/lpf.o
 *fill*         0x0000000000004c84        0x4 
 .rodata.create_Butterworth.cst8
                0x0000000000004c88        0x8 ./User/GFSK/IIR/lpf.o
 .rodata.create_gfsk_demod.cst4
                0x0000000000004c90        0x8 ./User/GFSK/modulator.o
 .rodata.create_gfsk_demod.cst8
                0x0000000000004c98        0x8 ./User/GFSK/modulator.o
                                         0x10 (size before relaxing)
 .rodata.create_gfsk_mod.cst4
                0x0000000000004ca0        0x4 ./User/GFSK/modulator.o
 .rodata.run_gfsk_mod.cst4
                0x0000000000004ca4        0x4 ./User/GFSK/modulator.o
 .rodata.gfsk_init.cst4
                0x0000000000004ca4        0x4 ./User/main.o
 .rodata.gfsk_set.cst4
                0x0000000000004ca8        0x4 ./User/main.o
 .rodata.main.str1.4
                0x0000000000004cac       0x4c ./User/main.o
                                         0x49 (size before relaxing)
 .rodata.__ieee754_rem_pio2f.cst4
                0x0000000000004cf8       0x20 /home/ivan/.local/share/MounRiver/MRS-linux-x64/resources/app/resources/linux/components/WCH/Toolchain/RISC-V Embedded GCC/bin/../lib/gcc/riscv-none-embed/8.2.0/../../../../riscv-none-embed/lib/rv32imacxw/ilp32/libm.a(lib_a-ef_rem_pio2.o)
                                         0x24 (size before relaxing)
 .rodata.npio2_hw
                0x0000000000004d18       0x80 /home/ivan/.local/share/MounRiver/MRS-linux-x64/resources/app/resources/linux/components/WCH/Toolchain/RISC-V Embedded GCC/bin/../lib/gcc/riscv-none-embed/8.2.0/../../../../riscv-none-embed/lib/rv32imacxw/ilp32/libm.a(lib_a-ef_rem_pio2.o)
 .rodata.two_over_pi
                0x0000000000004d98      0x318 /home/ivan/.local/share/MounRiver/MRS-linux-x64/resources/app/resources/linux/components/WCH/Toolchain/RISC-V Embedded GCC/bin/../lib/gcc/riscv-none-embed/8.2.0/../../../../riscv-none-embed/lib/rv32imacxw/ilp32/libm.a(lib_a-ef_rem_pio2.o)
 .rodata.__kernel_cosf.cst4
                0x00000000000050b0       0x20 /home/ivan/.local/share/MounRiver/MRS-linux-x64/resources/app/resources/linux/components/WCH/Toolchain/RISC-V Embedded GCC/bin/../lib/gcc/riscv-none-embed/8.2.0/../../../../riscv-none-embed/lib/rv32imacxw/ilp32/libm.a(lib_a-kf_cos.o)
                                         0x28 (size before relaxing)
 .rodata.PIo2   0x00000000000050d0       0x2c /home/ivan/.local/share/MounRiver/MRS-linux-x64/resources/app/resources/linux/components/WCH/Toolchain/RISC-V Embedded GCC/bin/../lib/gcc/riscv-none-embed/8.2.0/../../../../riscv-none-embed/lib/rv32imacxw/ilp32/libm.a(lib_a-kf_rem_pio2.o)
 .rodata.__kernel_rem_pio2f.cst4
                0x00000000000050fc       0x10 /home/ivan/.local/share/MounRiver/MRS-linux-x64/resources/app/resources/linux/components/WCH/Toolchain/RISC-V Embedded GCC/bin/../lib/gcc/riscv-none-embed/8.2.0/../../../../riscv-none-embed/lib/rv32imacxw/ilp32/libm.a(lib_a-kf_rem_pio2.o)
                                         0x1c (size before relaxing)
 .rodata.init_jk
                0x000000000000510c        0xc /home/ivan/.local/share/MounRiver/MRS-linux-x64/resources/app/resources/linux/components/WCH/Toolchain/RISC-V Embedded GCC/bin/../lib/gcc/riscv-none-embed/8.2.0/../../../../riscv-none-embed/lib/rv32imacxw/ilp32/libm.a(lib_a-kf_rem_pio2.o)
 .rodata.__kernel_sinf.cst4
                0x0000000000005118       0x18 /home/ivan/.local/share/MounRiver/MRS-linux-x64/resources/app/resources/linux/components/WCH/Toolchain/RISC-V Embedded GCC/bin/../lib/gcc/riscv-none-embed/8.2.0/../../../../riscv-none-embed/lib/rv32imacxw/ilp32/libm.a(lib_a-kf_sin.o)
                                         0x1c (size before relaxing)
 .rodata.__kernel_tanf.cst4
                0x0000000000005130       0x3c /home/ivan/.local/share/MounRiver/MRS-linux-x64/resources/app/resources/linux/components/WCH/Toolchain/RISC-V Embedded GCC/bin/../lib/gcc/riscv-none-embed/8.2.0/../../../../riscv-none-embed/lib/rv32imacxw/ilp32/libm.a(lib_a-kf_tan.o)
                                         0x44 (size before relaxing)
 .rodata.floorf.cst4
                0x000000000000516c        0x4 /home/ivan/.local/share/MounRiver/MRS-linux-x64/resources/app/resources/linux/components/WCH/Toolchain/RISC-V Embedded GCC/bin/../lib/gcc/riscv-none-embed/8.2.0/../../../../riscv-none-embed/lib/rv32imacxw/ilp32/libm.a(lib_a-sf_floor.o)
                                          0x8 (size before relaxing)
 .rodata.scalbnf.cst4
                0x0000000000005170        0xc /home/ivan/.local/share/MounRiver/MRS-linux-x64/resources/app/resources/linux/components/WCH/Toolchain/RISC-V Embedded GCC/bin/../lib/gcc/riscv-none-embed/8.2.0/../../../../riscv-none-embed/lib/rv32imacxw/ilp32/libm.a(lib_a-sf_scalbn.o)
                                         0x10 (size before relaxing)
 .rodata.__divdf3
                0x000000000000517c       0x40 /home/ivan/.local/share/MounRiver/MRS-linux-x64/resources/app/resources/linux/components/WCH/Toolchain/RISC-V Embedded GCC/bin/../lib/gcc/riscv-none-embed/8.2.0/rv32imacxw/ilp32/libgcc.a(divdf3.o)
 .rodata.__muldf3
                0x00000000000051bc       0x40 /home/ivan/.local/share/MounRiver/MRS-linux-x64/resources/app/resources/linux/components/WCH/Toolchain/RISC-V Embedded GCC/bin/../lib/gcc/riscv-none-embed/8.2.0/rv32imacxw/ilp32/libgcc.a(muldf3.o)
 .rodata.__divsf3
                0x00000000000051fc       0x80 /home/ivan/.local/share/MounRiver/MRS-linux-x64/resources/app/resources/linux/components/WCH/Toolchain/RISC-V Embedded GCC/bin/../lib/gcc/riscv-none-embed/8.2.0/rv32imacxw/ilp32/libgcc.a(divsf3.o)
 .rodata.__mulsf3
                0x000000000000527c       0x40 /home/ivan/.local/share/MounRiver/MRS-linux-x64/resources/app/resources/linux/components/WCH/Toolchain/RISC-V Embedded GCC/bin/../lib/gcc/riscv-none-embed/8.2.0/rv32imacxw/ilp32/libgcc.a(mulsf3.o)
 .rodata.__clz_tab
                0x00000000000052bc      0x100 /home/ivan/.local/share/MounRiver/MRS-linux-x64/resources/app/resources/linux/components/WCH/Toolchain/RISC-V Embedded GCC/bin/../lib/gcc/riscv-none-embed/8.2.0/rv32imacxw/ilp32/libgcc.a(_clz.o)
                0x00000000000052bc                __clz_tab
 *(.gnu.linkonce.t.*)
                0x00000000000053bc                . = ALIGN (0x4)

.rela.dyn       0x00000000000053bc        0x0
 .rela.init     0x00000000000053bc        0x0 ./User/GFSK/IIR/lpf.o
 .rela.vector   0x00000000000053bc        0x0 ./User/GFSK/IIR/lpf.o
 .rela.text.handle_reset
                0x00000000000053bc        0x0 ./User/GFSK/IIR/lpf.o
 .rela.text._sbrk
                0x00000000000053bc        0x0 ./User/GFSK/IIR/lpf.o
 .rela.sdata.curbrk.5273
                0x00000000000053bc        0x0 ./User/GFSK/IIR/lpf.o
 .rela.data.impure_data
                0x00000000000053bc        0x0 ./User/GFSK/IIR/lpf.o
 .rela.text._sbrk_r
                0x00000000000053bc        0x0 ./User/GFSK/IIR/lpf.o

.fini           0x00000000000053bc        0x0
 *(SORT_NONE(.fini))
                0x00000000000053bc                . = ALIGN (0x4)
                [!provide]                        PROVIDE (_etext = .)
                [!provide]                        PROVIDE (_eitcm = .)

.preinit_array  0x00000000000053bc        0x0
                [!provide]                        PROVIDE (__preinit_array_start = .)
 *(.preinit_array)
                [!provide]                        PROVIDE (__preinit_array_end = .)

.init_array     0x00000000000053bc        0x0
                [!provide]                        PROVIDE (__init_array_start = .)
 *(SORT_BY_INIT_PRIORITY(.init_array.*) SORT_BY_INIT_PRIORITY(.ctors.*))
 *(.init_array EXCLUDE_FILE(*crtend?.o *crtend.o *crtbegin?.o *crtbegin.o) .ctors)
                [!provide]                        PROVIDE (__init_array_end = .)

.fini_array     0x00000000000053bc        0x0
                [!provide]                        PROVIDE (__fini_array_start = .)
 *(SORT_BY_INIT_PRIORITY(.fini_array.*) SORT_BY_INIT_PRIORITY(.dtors.*))
 *(.fini_array EXCLUDE_FILE(*crtend?.o *crtend.o *crtbegin?.o *crtbegin.o) .dtors)
                [!provide]                        PROVIDE (__fini_array_end = .)

.ctors
 *crtbegin.o(.ctors)
 *crtbegin?.o(.ctors)
 *(EXCLUDE_FILE(*crtend?.o *crtend.o) .ctors)
 *(SORT_BY_NAME(.ctors.*))
 *(.ctors)

.dtors
 *crtbegin.o(.dtors)
 *crtbegin?.o(.dtors)
 *(EXCLUDE_FILE(*crtend?.o *crtend.o) .dtors)
 *(SORT_BY_NAME(.dtors.*))
 *(.dtors)

.dalign         0x0000000020000000        0x0 load address 0x00000000000053bc
                0x0000000020000000                . = ALIGN (0x4)
                0x0000000020000000                PROVIDE (_data_vma = .)

.dlalign        0x00000000000053bc        0x0
                0x00000000000053bc                . = ALIGN (0x4)
                0x00000000000053bc                PROVIDE (_data_lma = .)

.data           0x0000000020000000       0x80 load address 0x00000000000053bc
 *(.gnu.linkonce.r.*)
 *(.data .data.*)
 .data.AHBPrescTable
                0x0000000020000000       0x10 ./User/system_ch32v30x.o
                0x0000000020000000                AHBPrescTable
 .data.impure_data
                0x0000000020000010       0x60 /home/ivan/.local/share/MounRiver/MRS-linux-x64/resources/app/resources/linux/components/WCH/Toolchain/RISC-V Embedded GCC/bin/../lib/gcc/riscv-none-embed/8.2.0/../../../../riscv-none-embed/lib/rv32imacxw/ilp32/libg_nano.a(lib_a-impure.o)
 *(.gnu.linkonce.d.*)
                0x0000000020000070                . = ALIGN (0x8)
                0x0000000020000870                PROVIDE (__global_pointer$ = (. + 0x800))
 *(.sdata .sdata.*)
 .sdata.SystemCoreClock
                0x0000000020000070        0x4 ./User/system_ch32v30x.o
                0x0000000020000070                SystemCoreClock
 .sdata.curbrk.5273
                0x0000000020000074        0x4 ./Debug/debug.o
 .sdata._impure_ptr
                0x0000000020000078        0x4 /home/ivan/.local/share/MounRiver/MRS-linux-x64/resources/app/resources/linux/components/WCH/Toolchain/RISC-V Embedded GCC/bin/../lib/gcc/riscv-none-embed/8.2.0/../../../../riscv-none-embed/lib/rv32imacxw/ilp32/libg_nano.a(lib_a-impure.o)
                0x0000000020000078                _impure_ptr
 *(.sdata2.*)
 *(.gnu.linkonce.s.*)
                0x0000000020000080                . = ALIGN (0x8)
 *fill*         0x000000002000007c        0x4 
 *(.srodata.cst16)
 *(.srodata.cst8)
 *(.srodata.cst4)
 *(.srodata.cst2)
 *(.srodata .srodata.*)
                0x0000000020000080                . = ALIGN (0x4)
                0x0000000020000080                PROVIDE (_edata = .)

.bss            0x0000000020000080     0x73c8 load address 0x000000000000543c
                0x0000000020000080                . = ALIGN (0x4)
                0x0000000020000080                PROVIDE (_sbss = .)
 *(.sbss*)
 .sbss.done     0x0000000020000080        0x4 ./User/main.o
                0x0000000020000080                done
 .sbss.mod      0x0000000020000084        0x4 ./User/main.o
                0x0000000020000084                mod
 .sbss.p_ms     0x0000000020000088        0x2 ./Debug/debug.o
 .sbss.p_us     0x000000002000008a        0x1 ./Debug/debug.o
 *fill*         0x000000002000008b        0x1 
 .sbss.__malloc_free_list
                0x000000002000008c        0x4 /home/ivan/.local/share/MounRiver/MRS-linux-x64/resources/app/resources/linux/components/WCH/Toolchain/RISC-V Embedded GCC/bin/../lib/gcc/riscv-none-embed/8.2.0/../../../../riscv-none-embed/lib/rv32imacxw/ilp32/libg_nano.a(lib_a-nano-mallocr.o)
                0x000000002000008c                __malloc_free_list
 .sbss.__malloc_sbrk_start
                0x0000000020000090        0x4 /home/ivan/.local/share/MounRiver/MRS-linux-x64/resources/app/resources/linux/components/WCH/Toolchain/RISC-V Embedded GCC/bin/../lib/gcc/riscv-none-embed/8.2.0/../../../../riscv-none-embed/lib/rv32imacxw/ilp32/libg_nano.a(lib_a-nano-mallocr.o)
                0x0000000020000090                __malloc_sbrk_start
 *(.gnu.linkonce.sb.*)
 *(.bss*)
 .bss.packet_buffer
                0x0000000020000094     0x39d8 ./User/main.o
                0x0000000020000094                packet_buffer
 .bss.packet_buffer_flush
                0x0000000020003a6c     0x39d8 ./User/main.o
                0x0000000020003a6c                packet_buffer_flush
 *(.gnu.linkonce.b.*)
 *(COMMON*)
 COMMON         0x0000000020007444        0x4 /home/ivan/.local/share/MounRiver/MRS-linux-x64/resources/app/resources/linux/components/WCH/Toolchain/RISC-V Embedded GCC/bin/../lib/gcc/riscv-none-embed/8.2.0/../../../../riscv-none-embed/lib/rv32imacxw/ilp32/libg_nano.a(lib_a-reent.o)
                0x0000000020007444                errno
                0x0000000020007448                . = ALIGN (0x4)
                0x0000000020007448                PROVIDE (_ebss = .)
                0x0000000020007448                PROVIDE (_end = _ebss)
                [!provide]                        PROVIDE (end = .)

.stack          0x0000000020007800      0x800
                0x0000000020007800                PROVIDE (_heap_end = .)
                0x0000000020007800                . = ALIGN (0x4)
                [!provide]                        PROVIDE (_susrstack = .)
                0x0000000020008000                . = (. + __stack_size)
 *fill*         0x0000000020007800      0x800 
                0x0000000020008000                PROVIDE (_eusrstack = .)
OUTPUT(SSB_driver.elf elf32-littleriscv)

.debug_info     0x0000000000000000     0xab37
 .debug_info    0x0000000000000000      0xf72 ./User/GFSK/IIR/lpf.o
 .debug_info    0x0000000000000f72     0x1c2a ./User/GFSK/modulator.o
 .debug_info    0x0000000000002b9c      0xbc0 ./User/ch32v30x_it.o
 .debug_info    0x000000000000375c     0x2370 ./User/main.o
 .debug_info    0x0000000000005acc      0xbb5 ./User/system_ch32v30x.o
 .debug_info    0x0000000000006681       0x22 ./Startup/startup_ch32v30x_D8C.o
 .debug_info    0x00000000000066a3      0xd16 ./Peripheral/src/ch32v30x_dma.o
 .debug_info    0x00000000000073b9     0x12aa ./Peripheral/src/ch32v30x_gpio.o
 .debug_info    0x0000000000008663     0x158a ./Peripheral/src/ch32v30x_rcc.o
 .debug_info    0x0000000000009bed      0xf4a ./Debug/debug.o

.debug_abbrev   0x0000000000000000     0x1da0
 .debug_abbrev  0x0000000000000000      0x343 ./User/GFSK/IIR/lpf.o
 .debug_abbrev  0x0000000000000343      0x3ea ./User/GFSK/modulator.o
 .debug_abbrev  0x000000000000072d      0x22c ./User/ch32v30x_it.o
 .debug_abbrev  0x0000000000000959      0x518 ./User/main.o
 .debug_abbrev  0x0000000000000e71      0x2c0 ./User/system_ch32v30x.o
 .debug_abbrev  0x0000000000001131       0x12 ./Startup/startup_ch32v30x_D8C.o
 .debug_abbrev  0x0000000000001143      0x2fd ./Peripheral/src/ch32v30x_dma.o
 .debug_abbrev  0x0000000000001440      0x31a ./Peripheral/src/ch32v30x_gpio.o
 .debug_abbrev  0x000000000000175a      0x351 ./Peripheral/src/ch32v30x_rcc.o
 .debug_abbrev  0x0000000000001aab      0x2f5 ./Debug/debug.o

.debug_loc      0x0000000000000000     0x30d0
 .debug_loc     0x0000000000000000      0x5e6 ./User/GFSK/IIR/lpf.o
 .debug_loc     0x00000000000005e6     0x1276 ./User/GFSK/modulator.o
 .debug_loc     0x000000000000185c      0x1fa ./User/main.o
 .debug_loc     0x0000000000001a56      0x163 ./User/system_ch32v30x.o
 .debug_loc     0x0000000000001bb9      0x19a ./Peripheral/src/ch32v30x_dma.o
 .debug_loc     0x0000000000001d53      0x72b ./Peripheral/src/ch32v30x_gpio.o
 .debug_loc     0x000000000000247e      0xadb ./Peripheral/src/ch32v30x_rcc.o
 .debug_loc     0x0000000000002f59      0x177 ./Debug/debug.o

.debug_aranges  0x0000000000000000      0x4c8
 .debug_aranges
                0x0000000000000000       0x48 ./User/GFSK/IIR/lpf.o
 .debug_aranges
                0x0000000000000048       0x80 ./User/GFSK/modulator.o
 .debug_aranges
                0x00000000000000c8       0x28 ./User/ch32v30x_it.o
 .debug_aranges
                0x00000000000000f0       0x78 ./User/main.o
 .debug_aranges
                0x0000000000000168       0x28 ./User/system_ch32v30x.o
 .debug_aranges
                0x0000000000000190       0x30 ./Startup/startup_ch32v30x_D8C.o
 .debug_aranges
                0x00000000000001c0       0x60 ./Peripheral/src/ch32v30x_dma.o
 .debug_aranges
                0x0000000000000220       0xb0 ./Peripheral/src/ch32v30x_gpio.o
 .debug_aranges
                0x00000000000002d0      0x1a8 ./Peripheral/src/ch32v30x_rcc.o
 .debug_aranges
                0x0000000000000478       0x50 ./Debug/debug.o

.debug_ranges   0x0000000000000000      0x770
 .debug_ranges  0x0000000000000000       0xe8 ./User/GFSK/IIR/lpf.o
 .debug_ranges  0x00000000000000e8      0x2a8 ./User/GFSK/modulator.o
 .debug_ranges  0x0000000000000390       0x18 ./User/ch32v30x_it.o
 .debug_ranges  0x00000000000003a8       0xa0 ./User/main.o
 .debug_ranges  0x0000000000000448       0x38 ./User/system_ch32v30x.o
 .debug_ranges  0x0000000000000480       0x28 ./Startup/startup_ch32v30x_D8C.o
 .debug_ranges  0x00000000000004a8       0x50 ./Peripheral/src/ch32v30x_dma.o
 .debug_ranges  0x00000000000004f8       0xa0 ./Peripheral/src/ch32v30x_gpio.o
 .debug_ranges  0x0000000000000598      0x198 ./Peripheral/src/ch32v30x_rcc.o
 .debug_ranges  0x0000000000000730       0x40 ./Debug/debug.o

.debug_line     0x0000000000000000     0x89b6
 .debug_line    0x0000000000000000      0xc33 ./User/GFSK/IIR/lpf.o
 .debug_line    0x0000000000000c33     0x21f6 ./User/GFSK/modulator.o
 .debug_line    0x0000000000002e29      0x357 ./User/ch32v30x_it.o
 .debug_line    0x0000000000003180      0xdcb ./User/main.o
 .debug_line    0x0000000000003f4b      0x99d ./User/system_ch32v30x.o
 .debug_line    0x00000000000048e8      0x122 ./Startup/startup_ch32v30x_D8C.o
 .debug_line    0x0000000000004a0a      0xa80 ./Peripheral/src/ch32v30x_dma.o
 .debug_line    0x000000000000548a     0x1306 ./Peripheral/src/ch32v30x_gpio.o
 .debug_line    0x0000000000006790     0x1a38 ./Peripheral/src/ch32v30x_rcc.o
 .debug_line    0x00000000000081c8      0x7ee ./Debug/debug.o

.debug_str      0x0000000000000000     0x21a0
 .debug_str     0x0000000000000000      0x6ff ./User/GFSK/IIR/lpf.o
                                        0x776 (size before relaxing)
 .debug_str     0x00000000000006ff      0x2c3 ./User/GFSK/modulator.o
                                        0x9bf (size before relaxing)
 .debug_str     0x00000000000009c2      0x106 ./User/ch32v30x_it.o
                                        0x68d (size before relaxing)
 .debug_str     0x0000000000000ac8      0xbea ./User/main.o
                                       0x1424 (size before relaxing)
 .debug_str     0x00000000000016b2       0xa5 ./User/system_ch32v30x.o
                                        0x6f3 (size before relaxing)
 .debug_str     0x0000000000001757       0x2e ./Startup/startup_ch32v30x_D8C.o
                                         0x62 (size before relaxing)
 .debug_str     0x0000000000001785       0xf0 ./Peripheral/src/ch32v30x_dma.o
                                        0x7fb (size before relaxing)
 .debug_str     0x0000000000001875      0x22b ./Peripheral/src/ch32v30x_gpio.o
                                        0x9b8 (size before relaxing)
 .debug_str     0x0000000000001aa0      0x595 ./Peripheral/src/ch32v30x_rcc.o
                                        0xce7 (size before relaxing)
 .debug_str     0x0000000000002035      0x16b ./Debug/debug.o
                                        0x929 (size before relaxing)

.comment        0x0000000000000000       0x33
 .comment       0x0000000000000000       0x33 ./User/GFSK/IIR/lpf.o
                                         0x34 (size before relaxing)
 .comment       0x0000000000000033       0x34 ./User/GFSK/modulator.o
 .comment       0x0000000000000033       0x34 ./User/ch32v30x_it.o
 .comment       0x0000000000000033       0x34 ./User/main.o
 .comment       0x0000000000000033       0x34 ./User/system_ch32v30x.o
 .comment       0x0000000000000033       0x34 ./Peripheral/src/ch32v30x_dma.o
 .comment       0x0000000000000033       0x34 ./Peripheral/src/ch32v30x_gpio.o
 .comment       0x0000000000000033       0x34 ./Peripheral/src/ch32v30x_rcc.o
 .comment       0x0000000000000033       0x34 ./Debug/debug.o

.debug_frame    0x0000000000000000     0x1420
 .debug_frame   0x0000000000000000      0x11c ./User/GFSK/IIR/lpf.o
 .debug_frame   0x000000000000011c      0x278 ./User/GFSK/modulator.o
 .debug_frame   0x0000000000000394       0x30 ./User/ch32v30x_it.o
 .debug_frame   0x00000000000003c4      0x1cc ./User/main.o
 .debug_frame   0x0000000000000590       0x3c ./User/system_ch32v30x.o
 .debug_frame   0x00000000000005cc       0xd8 ./Peripheral/src/ch32v30x_dma.o
 .debug_frame   0x00000000000006a4      0x174 ./Peripheral/src/ch32v30x_gpio.o
 .debug_frame   0x0000000000000818      0x344 ./Peripheral/src/ch32v30x_rcc.o
 .debug_frame   0x0000000000000b5c       0xb8 ./Debug/debug.o
 .debug_frame   0x0000000000000c14       0x40 /home/ivan/.local/share/MounRiver/MRS-linux-x64/resources/app/resources/linux/components/WCH/Toolchain/RISC-V Embedded GCC/bin/../lib/gcc/riscv-none-embed/8.2.0/../../../../riscv-none-embed/lib/rv32imacxw/ilp32/libm.a(lib_a-sf_cos.o)
 .debug_frame   0x0000000000000c54       0x40 /home/ivan/.local/share/MounRiver/MRS-linux-x64/resources/app/resources/linux/components/WCH/Toolchain/RISC-V Embedded GCC/bin/../lib/gcc/riscv-none-embed/8.2.0/../../../../riscv-none-embed/lib/rv32imacxw/ilp32/libm.a(lib_a-sf_sin.o)
 .debug_frame   0x0000000000000c94       0x3c /home/ivan/.local/share/MounRiver/MRS-linux-x64/resources/app/resources/linux/components/WCH/Toolchain/RISC-V Embedded GCC/bin/../lib/gcc/riscv-none-embed/8.2.0/../../../../riscv-none-embed/lib/rv32imacxw/ilp32/libm.a(lib_a-sf_tan.o)
 .debug_frame   0x0000000000000cd0       0x54 /home/ivan/.local/share/MounRiver/MRS-linux-x64/resources/app/resources/linux/components/WCH/Toolchain/RISC-V Embedded GCC/bin/../lib/gcc/riscv-none-embed/8.2.0/../../../../riscv-none-embed/lib/rv32imacxw/ilp32/libm.a(lib_a-ef_rem_pio2.o)
 .debug_frame   0x0000000000000d24       0x4c /home/ivan/.local/share/MounRiver/MRS-linux-x64/resources/app/resources/linux/components/WCH/Toolchain/RISC-V Embedded GCC/bin/../lib/gcc/riscv-none-embed/8.2.0/../../../../riscv-none-embed/lib/rv32imacxw/ilp32/libm.a(lib_a-kf_cos.o)
 .debug_frame   0x0000000000000d70       0x64 /home/ivan/.local/share/MounRiver/MRS-linux-x64/resources/app/resources/linux/components/WCH/Toolchain/RISC-V Embedded GCC/bin/../lib/gcc/riscv-none-embed/8.2.0/../../../../riscv-none-embed/lib/rv32imacxw/ilp32/libm.a(lib_a-kf_rem_pio2.o)
 .debug_frame   0x0000000000000dd4       0x48 /home/ivan/.local/share/MounRiver/MRS-linux-x64/resources/app/resources/linux/components/WCH/Toolchain/RISC-V Embedded GCC/bin/../lib/gcc/riscv-none-embed/8.2.0/../../../../riscv-none-embed/lib/rv32imacxw/ilp32/libm.a(lib_a-kf_sin.o)
 .debug_frame   0x0000000000000e1c       0x58 /home/ivan/.local/share/MounRiver/MRS-linux-x64/resources/app/resources/linux/components/WCH/Toolchain/RISC-V Embedded GCC/bin/../lib/gcc/riscv-none-embed/8.2.0/../../../../riscv-none-embed/lib/rv32imacxw/ilp32/libm.a(lib_a-kf_tan.o)
 .debug_frame   0x0000000000000e74       0x20 /home/ivan/.local/share/MounRiver/MRS-linux-x64/resources/app/resources/linux/components/WCH/Toolchain/RISC-V Embedded GCC/bin/../lib/gcc/riscv-none-embed/8.2.0/../../../../riscv-none-embed/lib/rv32imacxw/ilp32/libm.a(lib_a-sf_fabs.o)
 .debug_frame   0x0000000000000e94       0x4c /home/ivan/.local/share/MounRiver/MRS-linux-x64/resources/app/resources/linux/components/WCH/Toolchain/RISC-V Embedded GCC/bin/../lib/gcc/riscv-none-embed/8.2.0/../../../../riscv-none-embed/lib/rv32imacxw/ilp32/libm.a(lib_a-sf_floor.o)
 .debug_frame   0x0000000000000ee0       0x4c /home/ivan/.local/share/MounRiver/MRS-linux-x64/resources/app/resources/linux/components/WCH/Toolchain/RISC-V Embedded GCC/bin/../lib/gcc/riscv-none-embed/8.2.0/../../../../riscv-none-embed/lib/rv32imacxw/ilp32/libm.a(lib_a-sf_scalbn.o)
 .debug_frame   0x0000000000000f2c       0x20 /home/ivan/.local/share/MounRiver/MRS-linux-x64/resources/app/resources/linux/components/WCH/Toolchain/RISC-V Embedded GCC/bin/../lib/gcc/riscv-none-embed/8.2.0/../../../../riscv-none-embed/lib/rv32imacxw/ilp32/libm.a(lib_a-sf_copysign.o)
 .debug_frame   0x0000000000000f4c       0x50 /home/ivan/.local/share/MounRiver/MRS-linux-x64/resources/app/resources/linux/components/WCH/Toolchain/RISC-V Embedded GCC/bin/../lib/gcc/riscv-none-embed/8.2.0/rv32imacxw/ilp32/libgcc.a(divdf3.o)
 .debug_frame   0x0000000000000f9c       0x20 /home/ivan/.local/share/MounRiver/MRS-linux-x64/resources/app/resources/linux/components/WCH/Toolchain/RISC-V Embedded GCC/bin/../lib/gcc/riscv-none-embed/8.2.0/rv32imacxw/ilp32/libgcc.a(gedf2.o)
 .debug_frame   0x0000000000000fbc       0x54 /home/ivan/.local/share/MounRiver/MRS-linux-x64/resources/app/resources/linux/components/WCH/Toolchain/RISC-V Embedded GCC/bin/../lib/gcc/riscv-none-embed/8.2.0/rv32imacxw/ilp32/libgcc.a(muldf3.o)
 .debug_frame   0x0000000000001010       0x44 /home/ivan/.local/share/MounRiver/MRS-linux-x64/resources/app/resources/linux/components/WCH/Toolchain/RISC-V Embedded GCC/bin/../lib/gcc/riscv-none-embed/8.2.0/rv32imacxw/ilp32/libgcc.a(subdf3.o)
 .debug_frame   0x0000000000001054       0x40 /home/ivan/.local/share/MounRiver/MRS-linux-x64/resources/app/resources/linux/components/WCH/Toolchain/RISC-V Embedded GCC/bin/../lib/gcc/riscv-none-embed/8.2.0/rv32imacxw/ilp32/libgcc.a(addsf3.o)
 .debug_frame   0x0000000000001094       0x50 /home/ivan/.local/share/MounRiver/MRS-linux-x64/resources/app/resources/linux/components/WCH/Toolchain/RISC-V Embedded GCC/bin/../lib/gcc/riscv-none-embed/8.2.0/rv32imacxw/ilp32/libgcc.a(divsf3.o)
 .debug_frame   0x00000000000010e4       0x20 /home/ivan/.local/share/MounRiver/MRS-linux-x64/resources/app/resources/linux/components/WCH/Toolchain/RISC-V Embedded GCC/bin/../lib/gcc/riscv-none-embed/8.2.0/rv32imacxw/ilp32/libgcc.a(eqsf2.o)
 .debug_frame   0x0000000000001104       0x20 /home/ivan/.local/share/MounRiver/MRS-linux-x64/resources/app/resources/linux/components/WCH/Toolchain/RISC-V Embedded GCC/bin/../lib/gcc/riscv-none-embed/8.2.0/rv32imacxw/ilp32/libgcc.a(gesf2.o)
 .debug_frame   0x0000000000001124       0x50 /home/ivan/.local/share/MounRiver/MRS-linux-x64/resources/app/resources/linux/components/WCH/Toolchain/RISC-V Embedded GCC/bin/../lib/gcc/riscv-none-embed/8.2.0/rv32imacxw/ilp32/libgcc.a(mulsf3.o)
 .debug_frame   0x0000000000001174       0x3c /home/ivan/.local/share/MounRiver/MRS-linux-x64/resources/app/resources/linux/components/WCH/Toolchain/RISC-V Embedded GCC/bin/../lib/gcc/riscv-none-embed/8.2.0/rv32imacxw/ilp32/libgcc.a(subsf3.o)
 .debug_frame   0x00000000000011b0       0x20 /home/ivan/.local/share/MounRiver/MRS-linux-x64/resources/app/resources/linux/components/WCH/Toolchain/RISC-V Embedded GCC/bin/../lib/gcc/riscv-none-embed/8.2.0/rv32imacxw/ilp32/libgcc.a(fixsfsi.o)
 .debug_frame   0x00000000000011d0       0x38 /home/ivan/.local/share/MounRiver/MRS-linux-x64/resources/app/resources/linux/components/WCH/Toolchain/RISC-V Embedded GCC/bin/../lib/gcc/riscv-none-embed/8.2.0/rv32imacxw/ilp32/libgcc.a(floatsisf.o)
 .debug_frame   0x0000000000001208       0x38 /home/ivan/.local/share/MounRiver/MRS-linux-x64/resources/app/resources/linux/components/WCH/Toolchain/RISC-V Embedded GCC/bin/../lib/gcc/riscv-none-embed/8.2.0/rv32imacxw/ilp32/libgcc.a(extendsfdf2.o)
 .debug_frame   0x0000000000001240       0x20 /home/ivan/.local/share/MounRiver/MRS-linux-x64/resources/app/resources/linux/components/WCH/Toolchain/RISC-V Embedded GCC/bin/../lib/gcc/riscv-none-embed/8.2.0/rv32imacxw/ilp32/libgcc.a(truncdfsf2.o)
 .debug_frame   0x0000000000001260       0x20 /home/ivan/.local/share/MounRiver/MRS-linux-x64/resources/app/resources/linux/components/WCH/Toolchain/RISC-V Embedded GCC/bin/../lib/gcc/riscv-none-embed/8.2.0/rv32imacxw/ilp32/libgcc.a(_clzsi2.o)
 .debug_frame   0x0000000000001280       0x30 /home/ivan/.local/share/MounRiver/MRS-linux-x64/resources/app/resources/linux/components/WCH/Toolchain/RISC-V Embedded GCC/bin/../lib/gcc/riscv-none-embed/8.2.0/../../../../riscv-none-embed/lib/rv32imacxw/ilp32/libg_nano.a(lib_a-malloc.o)
 .debug_frame   0x00000000000012b0       0x20 /home/ivan/.local/share/MounRiver/MRS-linux-x64/resources/app/resources/linux/components/WCH/Toolchain/RISC-V Embedded GCC/bin/../lib/gcc/riscv-none-embed/8.2.0/../../../../riscv-none-embed/lib/rv32imacxw/ilp32/libg_nano.a(lib_a-memcpy.o)
 .debug_frame   0x00000000000012d0       0x40 /home/ivan/.local/share/MounRiver/MRS-linux-x64/resources/app/resources/linux/components/WCH/Toolchain/RISC-V Embedded GCC/bin/../lib/gcc/riscv-none-embed/8.2.0/../../../../riscv-none-embed/lib/rv32imacxw/ilp32/libg_nano.a(lib_a-nano-freer.o)
 .debug_frame   0x0000000000001310       0x40 /home/ivan/.local/share/MounRiver/MRS-linux-x64/resources/app/resources/linux/components/WCH/Toolchain/RISC-V Embedded GCC/bin/../lib/gcc/riscv-none-embed/8.2.0/../../../../riscv-none-embed/lib/rv32imacxw/ilp32/libg_nano.a(lib_a-nano-mallocr.o)
 .debug_frame   0x0000000000001350       0x30 /home/ivan/.local/share/MounRiver/MRS-linux-x64/resources/app/resources/linux/components/WCH/Toolchain/RISC-V Embedded GCC/bin/../lib/gcc/riscv-none-embed/8.2.0/../../../../riscv-none-embed/lib/rv32imacxw/ilp32/libg_nano.a(lib_a-sbrkr.o)
 .debug_frame   0x0000000000001380       0x30 /home/ivan/.local/share/MounRiver/MRS-linux-x64/resources/app/resources/linux/components/WCH/Toolchain/RISC-V Embedded GCC/bin/../lib/gcc/riscv-none-embed/8.2.0/../../../../riscv-none-embed/lib/rv32imacxw/ilp32/libg_nano.a(lib_a-mlock.o)
 .debug_frame   0x00000000000013b0       0x70 /home/ivan/.local/share/MounRiver/MRS-linux-x64/resources/app/resources/linux/components/WCH/Toolchain/RISC-V Embedded GCC/bin/../lib/gcc/riscv-none-embed/8.2.0/../../../../riscv-none-embed/lib/rv32imacxw/ilp32/libg_nano.a(lib_a-reent.o)
